// Jest Snapshot v1, https://goo.gl/fbAQLP

exports[`should render an instance of expense 1`] = `
<div>
  <NavLink
    to="/edit/1"
  >
     
    <h3>
      im a boss
    </h3>
  </NavLink>
  <p>
    195
    -
    0
  </p>
</div>
`;
